---
source: crates/hinoki-parser/src/lib.rs
expression: snapshot_parsing(contents)
---
Pair {
    rule: file,
    span: Span {
        str: "fn add(a: int, b: int) {\n\ta + b\n}\n",
        start: 0,
        end: 34,
    },
    inner: [
        Pair {
            rule: function_definition,
            span: Span {
                str: "fn add(a: int, b: int) {\n\ta + b\n}",
                start: 0,
                end: 33,
            },
            inner: [
                Pair {
                    rule: fn,
                    span: Span {
                        str: "fn",
                        start: 0,
                        end: 2,
                    },
                    inner: [],
                },
                Pair {
                    rule: ident,
                    span: Span {
                        str: "add",
                        start: 3,
                        end: 6,
                    },
                    inner: [],
                },
                Pair {
                    rule: function_parameter,
                    span: Span {
                        str: "a: int",
                        start: 7,
                        end: 13,
                    },
                    inner: [
                        Pair {
                            rule: ident,
                            span: Span {
                                str: "a",
                                start: 7,
                                end: 8,
                            },
                            inner: [],
                        },
                        Pair {
                            rule: type,
                            span: Span {
                                str: "int",
                                start: 10,
                                end: 13,
                            },
                            inner: [
                                Pair {
                                    rule: ident,
                                    span: Span {
                                        str: "int",
                                        start: 10,
                                        end: 13,
                                    },
                                    inner: [],
                                },
                            ],
                        },
                    ],
                },
                Pair {
                    rule: function_parameter,
                    span: Span {
                        str: "b: int",
                        start: 15,
                        end: 21,
                    },
                    inner: [
                        Pair {
                            rule: ident,
                            span: Span {
                                str: "b",
                                start: 15,
                                end: 16,
                            },
                            inner: [],
                        },
                        Pair {
                            rule: type,
                            span: Span {
                                str: "int",
                                start: 18,
                                end: 21,
                            },
                            inner: [
                                Pair {
                                    rule: ident,
                                    span: Span {
                                        str: "int",
                                        start: 18,
                                        end: 21,
                                    },
                                    inner: [],
                                },
                            ],
                        },
                    ],
                },
                Pair {
                    rule: block_expr,
                    span: Span {
                        str: "{\n\ta + b\n}",
                        start: 23,
                        end: 33,
                    },
                    inner: [
                        Pair {
                            rule: expr,
                            span: Span {
                                str: "a + b\n",
                                start: 26,
                                end: 32,
                            },
                            inner: [
                                Pair {
                                    rule: term,
                                    span: Span {
                                        str: "a",
                                        start: 26,
                                        end: 27,
                                    },
                                    inner: [
                                        Pair {
                                            rule: ident,
                                            span: Span {
                                                str: "a",
                                                start: 26,
                                                end: 27,
                                            },
                                            inner: [],
                                        },
                                    ],
                                },
                                Pair {
                                    rule: add,
                                    span: Span {
                                        str: "+",
                                        start: 28,
                                        end: 29,
                                    },
                                    inner: [],
                                },
                                Pair {
                                    rule: term,
                                    span: Span {
                                        str: "b",
                                        start: 30,
                                        end: 31,
                                    },
                                    inner: [
                                        Pair {
                                            rule: ident,
                                            span: Span {
                                                str: "b",
                                                start: 30,
                                                end: 31,
                                            },
                                            inner: [],
                                        },
                                    ],
                                },
                            ],
                        },
                    ],
                },
            ],
        },
        Pair {
            rule: EOI,
            span: Span {
                str: "",
                start: 34,
                end: 34,
            },
            inner: [],
        },
    ],
}
