---
source: crates/hinoki-parser/src/lib.rs
expression: snapshot_parsing(contents)
---
Pair {
    rule: file,
    span: Span {
        str: "fn add() {\n\tmut a = 5;\n\tset a = 10;\n\n\ta\n}\n",
        start: 0,
        end: 42,
    },
    inner: [
        Pair {
            rule: function_definition,
            span: Span {
                str: "fn add() {\n\tmut a = 5;\n\tset a = 10;\n\n\ta\n}",
                start: 0,
                end: 41,
            },
            inner: [
                Pair {
                    rule: fn,
                    span: Span {
                        str: "fn",
                        start: 0,
                        end: 2,
                    },
                    inner: [],
                },
                Pair {
                    rule: ident,
                    span: Span {
                        str: "add",
                        start: 3,
                        end: 6,
                    },
                    inner: [],
                },
                Pair {
                    rule: block_expr,
                    span: Span {
                        str: "{\n\tmut a = 5;\n\tset a = 10;\n\n\ta\n}",
                        start: 9,
                        end: 41,
                    },
                    inner: [
                        Pair {
                            rule: declaration_stmt,
                            span: Span {
                                str: "mut a = 5;",
                                start: 12,
                                end: 22,
                            },
                            inner: [
                                Pair {
                                    rule: mutable,
                                    span: Span {
                                        str: "mut",
                                        start: 12,
                                        end: 15,
                                    },
                                    inner: [],
                                },
                                Pair {
                                    rule: ident,
                                    span: Span {
                                        str: "a",
                                        start: 16,
                                        end: 17,
                                    },
                                    inner: [],
                                },
                                Pair {
                                    rule: expr,
                                    span: Span {
                                        str: "5",
                                        start: 20,
                                        end: 21,
                                    },
                                    inner: [
                                        Pair {
                                            rule: term,
                                            span: Span {
                                                str: "5",
                                                start: 20,
                                                end: 21,
                                            },
                                            inner: [
                                                Pair {
                                                    rule: int,
                                                    span: Span {
                                                        str: "5",
                                                        start: 20,
                                                        end: 21,
                                                    },
                                                    inner: [],
                                                },
                                            ],
                                        },
                                    ],
                                },
                            ],
                        },
                        Pair {
                            rule: mutate_stmt,
                            span: Span {
                                str: "set a = 10;",
                                start: 24,
                                end: 35,
                            },
                            inner: [
                                Pair {
                                    rule: set,
                                    span: Span {
                                        str: "set",
                                        start: 24,
                                        end: 27,
                                    },
                                    inner: [],
                                },
                                Pair {
                                    rule: ident,
                                    span: Span {
                                        str: "a",
                                        start: 28,
                                        end: 29,
                                    },
                                    inner: [],
                                },
                                Pair {
                                    rule: expr,
                                    span: Span {
                                        str: "10",
                                        start: 32,
                                        end: 34,
                                    },
                                    inner: [
                                        Pair {
                                            rule: term,
                                            span: Span {
                                                str: "10",
                                                start: 32,
                                                end: 34,
                                            },
                                            inner: [
                                                Pair {
                                                    rule: int,
                                                    span: Span {
                                                        str: "10",
                                                        start: 32,
                                                        end: 34,
                                                    },
                                                    inner: [],
                                                },
                                            ],
                                        },
                                    ],
                                },
                            ],
                        },
                        Pair {
                            rule: expr,
                            span: Span {
                                str: "a\n",
                                start: 38,
                                end: 40,
                            },
                            inner: [
                                Pair {
                                    rule: term,
                                    span: Span {
                                        str: "a",
                                        start: 38,
                                        end: 39,
                                    },
                                    inner: [
                                        Pair {
                                            rule: ident,
                                            span: Span {
                                                str: "a",
                                                start: 38,
                                                end: 39,
                                            },
                                            inner: [],
                                        },
                                    ],
                                },
                            ],
                        },
                    ],
                },
            ],
        },
        Pair {
            rule: EOI,
            span: Span {
                str: "",
                start: 42,
                end: 42,
            },
            inner: [],
        },
    ],
}
